[01Dec2025 16:18:26.705] [main/INFO] [cpw.mods.modlauncher.Launcher/MODLAUNCHER]: ModLauncher running: args [--launchTarget, forgeclientdev, --version, 21.1.213, --assetIndex, 17, --assetsDir, /home/milo/.gradle/caches/minecraft-codev/assets, --gameDir, ., --fml.fmlVersion, 4.0.42, --fml.mcVersion, 1.21.1, --fml.neoForgeVersion, 21.1.213, --fml.neoFormVersion, 20240808.144430, --username, Vyrek_, --quickPlaySingleplayer, Test]
[01Dec2025 16:18:26.706] [main/INFO] [cpw.mods.modlauncher.Launcher/MODLAUNCHER]: JVM identified as Arch Linux OpenJDK 64-Bit Server VM 21.0.9+10
[01Dec2025 16:18:26.707] [main/INFO] [cpw.mods.modlauncher.Launcher/MODLAUNCHER]: ModLauncher 11.0.5+main.901c6ea8 starting: java version 21.0.9 by Arch Linux; OS Linux arch amd64 version 6.17.8-arch1-1
[01Dec2025 16:18:26.760] [main/INFO] [net.neoforged.fml.loading.ImmediateWindowHandler/]: Loading ImmediateWindowProvider fmlearlywindow
[01Dec2025 16:18:26.822] [main/INFO] [EARLYDISPLAY/]: Trying GL version 4.6
[01Dec2025 16:18:26.863] [main/INFO] [EARLYDISPLAY/]: Requested GL version 4.6 got version 4.6
[01Dec2025 16:18:26.898] [main/INFO] [mixin/]: SpongePowered MIXIN Subsystem Version=0.8.7 Source=union:/home/milo/.gradle/caches/modules-2/files-2.1/net.fabricmc/sponge-mixin/0.15.2+mixin.0.8.7/2af2f021d8e02a0220dc27a7a72b4666d66d44ca/sponge-mixin-0.15.2+mixin.0.8.7.jar%23131!/ Service=ModLauncher Env=CLIENT
[01Dec2025 16:18:26.935] [main/INFO] [net.neoforged.fml.loading.moddiscovery.ModDiscoverer/SCAN]: Found mod file "neoforge-1.21.1-21.1.213-named.jar" [locator: neoforge devenv provider ([/home/milo/dev/mods/untitled/build/minecraft/neoforge/main/neoforge-1.21.1-21.1.213-named.jar])]
[01Dec2025 16:18:26.954] [main/INFO] [net.neoforged.fml.loading.moddiscovery.ModDiscoverer/SCAN]: Found mod file "neoforge-1.21.1-21.1.213-named.jar" [locator: neoforge devenv provider ([/home/milo/dev/mods/untitled/build/minecraft/neoforge/main/neoforge-1.21.1-21.1.213-named.jar])]
[01Dec2025 16:18:26.958] [pool-2-thread-1/INFO] [EARLYDISPLAY/]: GL info: AMD Radeon RX 6600 (radeonsi, navi23, LLVM 21.1.5, DRM 3.64, 6.17.8-arch1-1) GL version 4.6 (Core Profile) Mesa 25.2.7-arch1.1, AMD
[01Dec2025 16:18:26.959] [main/INFO] [net.neoforged.fml.loading.moddiscovery.ModDiscoverer/SCAN]: Found mod file "neoforge" [locator: userdev mods and services, reader: mod manifest]
[01Dec2025 16:18:26.962] [main/INFO] [net.neoforged.fml.loading.moddiscovery.ModDiscoverer/SCAN]: Found mod file "kffmod-neoforge-5.10.0.jar" [locator: userdev mods and services, reader: mod manifest]
[01Dec2025 16:18:26.970] [main/INFO] [net.neoforged.fml.loading.moddiscovery.ModDiscoverer/SCAN]: Found mod file "neoforge-1.21.1-21.1.213-named.jar" [locator: userdev mods and services, reader: mod manifest]
[01Dec2025 16:18:26.973] [main/INFO] [net.neoforged.fml.loading.moddiscovery.ModDiscoverer/SCAN]: Found library file "kotlinforforge-neoforge-5.10.0.jar" [locator: userdev mods and services, reader: mod manifest]
[01Dec2025 16:18:26.976] [main/INFO] [net.neoforged.fml.loading.moddiscovery.ModDiscoverer/SCAN]: Found library file "kfflang-neoforge-5.10.0.jar" [locator: userdev mods and services, reader: mod manifest]
[01Dec2025 16:18:26.977] [main/INFO] [net.neoforged.fml.loading.moddiscovery.ModDiscoverer/SCAN]: Found gamelibrary file "kfflib-neoforge-5.10.0.jar" [locator: userdev mods and services, reader: mod manifest]
[01Dec2025 16:18:27.137] [main/INFO] [net.neoforged.fml.loading.moddiscovery.locators.JarInJarDependencyLocator/]: Found 10 dependencies adding them to mods collection
[01Dec2025 16:18:27.137] [main/INFO] [net.neoforged.fml.loading.moddiscovery.ModDiscoverer/SCAN]: Found gamelibrary file "mixinextras-neoforge-0.5.0.jar" [parent: neoforge-1.21.1-21.1.213-named.jar, locator: jarinjar, reader: mod manifest]
[01Dec2025 16:18:27.137] [main/INFO] [net.neoforged.fml.loading.moddiscovery.ModDiscoverer/SCAN]: Found library file "kotlinx-serialization-core-jvm-1.9.0.jar" [parent: kotlinforforge-neoforge-5.10.0.jar, locator: jarinjar]
[01Dec2025 16:18:27.137] [main/INFO] [net.neoforged.fml.loading.moddiscovery.ModDiscoverer/SCAN]: Found library file "kotlin-stdlib-2.2.20.jar" [parent: kotlinforforge-neoforge-5.10.0.jar, locator: jarinjar]
[01Dec2025 16:18:27.137] [main/INFO] [net.neoforged.fml.loading.moddiscovery.ModDiscoverer/SCAN]: Found library file "kotlinx-coroutines-jdk8-1.10.2.jar" [parent: kotlinforforge-neoforge-5.10.0.jar, locator: jarinjar]
[01Dec2025 16:18:27.137] [main/INFO] [net.neoforged.fml.loading.moddiscovery.ModDiscoverer/SCAN]: Found library file "kotlin-reflect-2.2.20.jar" [parent: kotlinforforge-neoforge-5.10.0.jar, locator: jarinjar]
[01Dec2025 16:18:27.137] [main/INFO] [net.neoforged.fml.loading.moddiscovery.ModDiscoverer/SCAN]: Found library file "kotlinx-serialization-json-jvm-1.9.0.jar" [parent: kotlinforforge-neoforge-5.10.0.jar, locator: jarinjar]
[01Dec2025 16:18:27.138] [main/INFO] [net.neoforged.fml.loading.moddiscovery.ModDiscoverer/SCAN]: Found library file "kotlinx-coroutines-core-jvm-1.10.2.jar" [parent: kotlinforforge-neoforge-5.10.0.jar, locator: jarinjar]
[01Dec2025 16:18:27.138] [main/INFO] [net.neoforged.fml.loading.moddiscovery.ModDiscoverer/SCAN]: Found library file "net.neoforged.neoforge-coremods-21.1.213.jar" [parent: neoforge-1.21.1-21.1.213-named.jar, locator: jarinjar, reader: mod manifest]
[01Dec2025 16:18:27.138] [main/INFO] [net.neoforged.fml.loading.moddiscovery.ModDiscoverer/SCAN]: Found library file "kotlin-stdlib-jdk7-2.2.20.jar" [parent: kotlinforforge-neoforge-5.10.0.jar, locator: jarinjar]
[01Dec2025 16:18:27.138] [main/INFO] [net.neoforged.fml.loading.moddiscovery.ModDiscoverer/SCAN]: Found library file "kotlin-stdlib-jdk8-2.2.20.jar" [parent: kotlinforforge-neoforge-5.10.0.jar, locator: jarinjar]
[01Dec2025 16:18:27.138] [main/INFO] [net.neoforged.fml.loading.moddiscovery.ModDiscoverer/]: 
     Mod List:
		Name Version (Mod Id)

		Kotlin For Forge 5.10.0 (kotlinforforge)
		Minecraft 1.21.1 (minecraft)
		NeoForge 21.1.213 (neoforge)
		Untitled 0.0.1-SNAPSHOT (untitled)
[01Dec2025 16:18:27.341] [main/INFO] [cpw.mods.modlauncher.LaunchServiceHandler/MODLAUNCHER]: Launching target 'forgeclientdev' with arguments [--version, 21.1.213, --gameDir, ., --assetsDir, /home/milo/.gradle/caches/minecraft-codev/assets, --assetIndex, 17, --username, Vyrek_, --quickPlaySingleplayer, Test]
[01Dec2025 16:18:28.036] [Datafixer Bootstrap/INFO] [com.mojang.datafixers.DataFixerBuilder/]: 229 Datafixer optimizations took 105 milliseconds
[01Dec2025 16:18:28.058] [pool-8-thread-1/INFO] [MixinExtras|Service/]: Initializing MixinExtras via com.llamalad7.mixinextras.service.MixinExtrasServiceImpl(version=0.5.0).
[01Dec2025 16:18:30.057] [main/WARN] [net.minecraft.commands.Commands/]: Ambiguity between arguments [teleport, location] and [teleport, destination] with inputs: [0.1 -0.5 .9, 0 0 0]
[01Dec2025 16:18:30.057] [main/WARN] [net.minecraft.commands.Commands/]: Ambiguity between arguments [teleport, location] and [teleport, targets] with inputs: [0.1 -0.5 .9, 0 0 0]
[01Dec2025 16:18:30.058] [main/WARN] [net.minecraft.commands.Commands/]: Ambiguity between arguments [teleport, destination] and [teleport, targets] with inputs: [Player, 0123, @e, dd12be42-52a9-4a91-a8a1-11c01849e498]
[01Dec2025 16:18:30.059] [main/WARN] [net.minecraft.commands.Commands/]: Ambiguity between arguments [teleport, targets] and [teleport, destination] with inputs: [Player, 0123, dd12be42-52a9-4a91-a8a1-11c01849e498]
[01Dec2025 16:18:30.059] [main/WARN] [net.minecraft.commands.Commands/]: Ambiguity between arguments [teleport, targets, location] and [teleport, targets, destination] with inputs: [0.1 -0.5 .9, 0 0 0]
[01Dec2025 16:18:30.111] [Render thread/WARN] [net.minecraft.server.packs.VanillaPackResourcesBuilder/]: Assets URL 'union:/home/milo/dev/mods/untitled/build/minecraft/neoforge/main/neoforge-1.21.1-21.1.213-named.jar%23179!/assets/.mcassetsroot' uses unexpected schema
[01Dec2025 16:18:30.111] [Render thread/WARN] [net.minecraft.server.packs.VanillaPackResourcesBuilder/]: Assets URL 'union:/home/milo/dev/mods/untitled/build/minecraft/neoforge/main/neoforge-1.21.1-21.1.213-named.jar%23179!/data/.mcassetsroot' uses unexpected schema
[01Dec2025 16:18:30.120] [Render thread/INFO] [com.mojang.authlib.yggdrasil.YggdrasilAuthenticationService/]: Environment: Environment[sessionHost=https://sessionserver.mojang.com, servicesHost=https://api.minecraftservices.com, name=PROD]
[01Dec2025 16:18:30.123] [Render thread/INFO] [net.minecraft.client.Minecraft/]: Setting user: Vyrek_
[01Dec2025 16:18:30.149] [Render thread/INFO] [net.minecraft.client.Minecraft/]: Backend library: LWJGL version 3.3.3+5
[01Dec2025 16:18:30.234] [modloading-worker-0/INFO] [net.neoforged.neoforge.common.NeoForgeMod/NEOFORGE-MOD]: NeoForge mod loading, version 21.1.213, for MC 1.21.1
[01Dec2025 16:18:30.332] [modloading-worker-0/INFO] [thedarkcolour.kotlinforforge.neoforge.test.KotlinForForge/]: Kotlin For Forge Enabled!
[01Dec2025 16:18:30.597] [Render thread/INFO] [net.neoforged.neoforge.gametest.GameTestHooks/]: Enabled Gametest Namespaces: []
[01Dec2025 16:18:30.659] [Render thread/INFO] [net.minecraft.server.packs.resources.ReloadableResourceManager/]: Reloading ResourceManager: vanilla, mod_resources, mod/untitled, mod/kotlinforforge, mod/neoforge
[01Dec2025 16:18:30.705] [Worker-Main-3/INFO] [net.minecraft.client.gui.font.providers.UnihexProvider/]: Found unifont_all_no_pua-15.1.05.hex, loading
[01Dec2025 16:18:30.756] [Worker-Main-7/INFO] [net.minecraft.client.gui.font.providers.UnihexProvider/]: Found unifont_jp_patch-15.1.05.hex, loading
[01Dec2025 16:18:31.425] [Render thread/WARN] [net.minecraft.client.sounds.SoundEngine/]: Missing sound for event: minecraft:item.goat_horn.play
[01Dec2025 16:18:31.425] [Render thread/WARN] [net.minecraft.client.sounds.SoundEngine/]: Missing sound for event: minecraft:entity.goat.screaming.horn_break
[01Dec2025 16:18:31.453] [Render thread/INFO] [com.mojang.blaze3d.audio.Library/]: OpenAL initialized on device G733 Gaming Headset Analog Stereo
[01Dec2025 16:18:31.453] [Render thread/INFO] [net.minecraft.client.sounds.SoundEngine/SOUNDS]: Sound engine started
[01Dec2025 16:18:31.523] [Render thread/INFO] [net.minecraft.client.renderer.texture.TextureAtlas/]: Created: 1024x512x4 minecraft:textures/atlas/blocks.png-atlas
[01Dec2025 16:18:31.553] [Render thread/INFO] [net.minecraft.client.renderer.texture.TextureAtlas/]: Created: 256x256x4 minecraft:textures/atlas/signs.png-atlas
[01Dec2025 16:18:31.554] [Render thread/INFO] [net.minecraft.client.renderer.texture.TextureAtlas/]: Created: 512x512x4 minecraft:textures/atlas/shield_patterns.png-atlas
[01Dec2025 16:18:31.555] [Render thread/INFO] [net.minecraft.client.renderer.texture.TextureAtlas/]: Created: 512x512x4 minecraft:textures/atlas/banner_patterns.png-atlas
[01Dec2025 16:18:31.556] [Render thread/INFO] [net.minecraft.client.renderer.texture.TextureAtlas/]: Created: 1024x1024x4 minecraft:textures/atlas/armor_trims.png-atlas
[01Dec2025 16:18:31.563] [Render thread/INFO] [net.minecraft.client.renderer.texture.TextureAtlas/]: Created: 256x256x4 minecraft:textures/atlas/chest.png-atlas
[01Dec2025 16:18:31.564] [Render thread/INFO] [net.minecraft.client.renderer.texture.TextureAtlas/]: Created: 128x64x4 minecraft:textures/atlas/decorated_pot.png-atlas
[01Dec2025 16:18:31.564] [Render thread/INFO] [net.minecraft.client.renderer.texture.TextureAtlas/]: Created: 512x256x4 minecraft:textures/atlas/shulker_boxes.png-atlas
[01Dec2025 16:18:31.565] [Render thread/INFO] [net.minecraft.client.renderer.texture.TextureAtlas/]: Created: 512x256x4 minecraft:textures/atlas/beds.png-atlas
[01Dec2025 16:18:31.660] [Render thread/INFO] [net.minecraft.client.renderer.texture.TextureAtlas/]: Created: 512x256x0 minecraft:textures/atlas/particles.png-atlas
[01Dec2025 16:18:31.662] [Render thread/INFO] [net.minecraft.client.renderer.texture.TextureAtlas/]: Created: 512x256x0 minecraft:textures/atlas/paintings.png-atlas
[01Dec2025 16:18:31.662] [Render thread/INFO] [net.minecraft.client.renderer.texture.TextureAtlas/]: Created: 256x128x0 minecraft:textures/atlas/mob_effects.png-atlas
[01Dec2025 16:18:31.663] [Render thread/INFO] [net.minecraft.client.renderer.texture.TextureAtlas/]: Created: 64x64x0 minecraft:textures/atlas/map_decorations.png-atlas
[01Dec2025 16:18:31.663] [Render thread/INFO] [net.minecraft.client.renderer.texture.TextureAtlas/]: Created: 1024x512x0 minecraft:textures/atlas/gui.png-atlas
[01Dec2025 16:18:31.674] [Render thread/WARN] [net.minecraft.client.renderer.ShaderInstance/]: Shader rendertype_entity_translucent_emissive could not find sampler named Sampler2 in the specified shader program.
[01Dec2025 16:18:31.697] [Render thread/INFO] [net.neoforged.neoforge.client.entity.animation.json.AnimationLoader/]: Loaded 0 entity animations
[01Dec2025 16:18:42.631] [Render thread/INFO] [net.minecraft.client.Minecraft/]: Stopping!
